[     484ms] [INFO] %cDownload the React DevTools for a better development experience: https://react.dev/link/react-devtools font-weight:bold @ webpack-internal:///(pages-dir-browser)/./node_modules/.pnpm/react-dom@19.2.4_react@19.2.4/node_modules/react-dom/cjs/react-dom-client.development.js:28004
[     490ms] [LOG] [HMR] connected @ webpack-internal:///(pages-dir-browser)/./node_modules/.pnpm/next@16.1.6_@babel+core@7.29.0_react-dom@19.2.4_react@19.2.4__react@19.2.4/node_modules/next/dist/next-devtools/shared/forward-logs-shared.js:27
[     490ms] [WARNING] [HMR] Invalid message: {"type":"isrManifest","data":{"/reports":true,"/ledger/[id]":true}}
TypeError: Cannot read properties of undefined (reading 'components')
    at handleStaticIndicator (webpack-internal:///(pages-dir-browser)/./node_modules/.pnpm/next@16.1.6_@babel+core@7.29.0_react-dom@19.2.4_react@19.2.4__react@19.2.4/node_modules/next/dist/client/dev/hot-reloader/pages/hot-reloader-pages.js:177:46)
    at processMessage (webpack-internal:///(pages-dir-browser)/./node_modules/.pnpm/next@16.1.6_@babel+core@7.29.0_react-dom@19.2.4_react@19.2.4__react@19.2.4/node_modules/next/dist/client/dev/hot-reloader/pages/hot-reloader-pages.js:191:17)
    at eval (webpack-internal:///(pages-dir-browser)/./node_modules/.pnpm/next@16.1.6_@babel+core@7.29.0_react-dom@19.2.4_react@19.2.4__react@19.2.4/node_modules/next/dist/client/dev/hot-reloader/pages/hot-reloader-pages.js:69:13)
    at WebSocket.handleMessage (webpack-internal:///(pages-dir-browser)/./node_modules/.pnpm/next@16.1.6_@babel+core@7.29.0_react-dom@19.2.4_react@19.2.4__react@19.2.4/node_modules/next/dist/client/dev/hot-reloader/pages/websocket.js:68:17) @ webpack-internal:///(pages-dir-browser)/./node_modules/.pnpm/next@16.1.6_@babel+core@7.29.0_react-dom@19.2.4_react@19.2.4__react@19.2.4/node_modules/next/dist/next-devtools/shared/forward-logs-shared.js:27
[     903ms] [ERROR] Warning: [antd: Menu] `children` is deprecated. Please use `items` instead. @ webpack-internal:///(pages-dir-browser)/./node_modules/.pnpm/next@16.1.6_@babel+core@7.29.0_react-dom@19.2.4_react@19.2.4__react@19.2.4/node_modules/next/dist/next-devtools/userspace/pages/pages-dev-overlay-setup.js:70
[     926ms] [ERROR] Warning: [antd: Drawer] `width` is deprecated. Please use `size` instead. @ webpack-internal:///(pages-dir-browser)/./node_modules/.pnpm/next@16.1.6_@babel+core@7.29.0_react-dom@19.2.4_react@19.2.4__react@19.2.4/node_modules/next/dist/next-devtools/userspace/pages/pages-dev-overlay-setup.js:70
[     931ms] [ERROR] Warning: [antd: Tabs] `Tabs.TabPane` is deprecated. Please use `items` instead. @ webpack-internal:///(pages-dir-browser)/./node_modules/.pnpm/next@16.1.6_@babel+core@7.29.0_react-dom@19.2.4_react@19.2.4__react@19.2.4/node_modules/next/dist/next-devtools/userspace/pages/pages-dev-overlay-setup.js:70
[     939ms] [ERROR] Warning: [antd: Card] `bordered` is deprecated. Please use `variant` instead. @ webpack-internal:///(pages-dir-browser)/./node_modules/.pnpm/next@16.1.6_@babel+core@7.29.0_react-dom@19.2.4_react@19.2.4__react@19.2.4/node_modules/next/dist/next-devtools/userspace/pages/pages-dev-overlay-setup.js:70
[     964ms] [ERROR] Warning: [antd: Table] `index` parameter of `rowKey` function is deprecated. There is no guarantee that it will work as expected. @ webpack-internal:///(pages-dir-browser)/./node_modules/.pnpm/next@16.1.6_@babel+core@7.29.0_react-dom@19.2.4_react@19.2.4__react@19.2.4/node_modules/next/dist/next-devtools/userspace/pages/pages-dev-overlay-setup.js:70
[    1017ms] [ERROR] Warning: [antd: Breadcrumb] `Breadcrumb.Item and Breadcrumb.Separator` is deprecated. Please use `items` instead. @ webpack-internal:///(pages-dir-browser)/./node_modules/.pnpm/next@16.1.6_@babel+core@7.29.0_react-dom@19.2.4_react@19.2.4__react@19.2.4/node_modules/next/dist/next-devtools/userspace/pages/pages-dev-overlay-setup.js:70
[   58502ms] [LOG] [Fast Refresh] rebuilding @ webpack-internal:///(pages-dir-browser)/./node_modules/.pnpm/next@16.1.6_@babel+core@7.29.0_react-dom@19.2.4_react@19.2.4__react@19.2.4/node_modules/next/dist/next-devtools/shared/forward-logs-shared.js:27
[   59400ms] [LOG] [Fast Refresh] done in 897ms @ webpack-internal:///(pages-dir-browser)/./node_modules/.pnpm/next@16.1.6_@babel+core@7.29.0_react-dom@19.2.4_react@19.2.4__react@19.2.4/node_modules/next/dist/next-devtools/shared/forward-logs-shared.js:27
[   59592ms] [WARNING] Detected `scroll-behavior: smooth` on the `<html>` element. To disable smooth scrolling during route transitions, add `data-scroll-behavior="smooth"` to your <html> element. Learn more: https://nextjs.org/docs/messages/missing-data-scroll-behavior @ webpack-internal:///(pages-dir-browser)/./node_modules/.pnpm/next@16.1.6_@babel+core@7.29.0_react-dom@19.2.4_react@19.2.4__react@19.2.4/node_modules/next/dist/next-devtools/shared/forward-logs-shared.js:27
[   62110ms] [INFO] %cDownload the React DevTools for a better development experience: https://react.dev/link/react-devtools font-weight:bold @ webpack-internal:///(pages-dir-browser)/./node_modules/.pnpm/react-dom@19.2.4_react@19.2.4/node_modules/react-dom/cjs/react-dom-client.development.js:28004
[   62115ms] [LOG] [HMR] connected @ webpack-internal:///(pages-dir-browser)/./node_modules/.pnpm/next@16.1.6_@babel+core@7.29.0_react-dom@19.2.4_react@19.2.4__react@19.2.4/node_modules/next/dist/next-devtools/shared/forward-logs-shared.js:27
[   62116ms] [WARNING] [HMR] Invalid message: {"type":"isrManifest","data":{"/ledger/[id]":true,"/reports":true}}
TypeError: Cannot read properties of undefined (reading 'components')
    at handleStaticIndicator (webpack-internal:///(pages-dir-browser)/./node_modules/.pnpm/next@16.1.6_@babel+core@7.29.0_react-dom@19.2.4_react@19.2.4__react@19.2.4/node_modules/next/dist/client/dev/hot-reloader/pages/hot-reloader-pages.js:177:46)
    at processMessage (webpack-internal:///(pages-dir-browser)/./node_modules/.pnpm/next@16.1.6_@babel+core@7.29.0_react-dom@19.2.4_react@19.2.4__react@19.2.4/node_modules/next/dist/client/dev/hot-reloader/pages/hot-reloader-pages.js:191:17)
    at eval (webpack-internal:///(pages-dir-browser)/./node_modules/.pnpm/next@16.1.6_@babel+core@7.29.0_react-dom@19.2.4_react@19.2.4__react@19.2.4/node_modules/next/dist/client/dev/hot-reloader/pages/hot-reloader-pages.js:69:13)
    at WebSocket.handleMessage (webpack-internal:///(pages-dir-browser)/./node_modules/.pnpm/next@16.1.6_@babel+core@7.29.0_react-dom@19.2.4_react@19.2.4__react@19.2.4/node_modules/next/dist/client/dev/hot-reloader/pages/websocket.js:68:17) @ webpack-internal:///(pages-dir-browser)/./node_modules/.pnpm/next@16.1.6_@babel+core@7.29.0_react-dom@19.2.4_react@19.2.4__react@19.2.4/node_modules/next/dist/next-devtools/shared/forward-logs-shared.js:27
[   62360ms] [ERROR] Warning: [antd: Menu] `children` is deprecated. Please use `items` instead. @ webpack-internal:///(pages-dir-browser)/./node_modules/.pnpm/next@16.1.6_@babel+core@7.29.0_react-dom@19.2.4_react@19.2.4__react@19.2.4/node_modules/next/dist/next-devtools/userspace/pages/pages-dev-overlay-setup.js:70
[   62385ms] [ERROR] Warning: [antd: Drawer] `width` is deprecated. Please use `size` instead. @ webpack-internal:///(pages-dir-browser)/./node_modules/.pnpm/next@16.1.6_@babel+core@7.29.0_react-dom@19.2.4_react@19.2.4__react@19.2.4/node_modules/next/dist/next-devtools/userspace/pages/pages-dev-overlay-setup.js:70
[   62420ms] [ERROR] Warning: [antd: Breadcrumb] `Breadcrumb.Item and Breadcrumb.Separator` is deprecated. Please use `items` instead. @ webpack-internal:///(pages-dir-browser)/./node_modules/.pnpm/next@16.1.6_@babel+core@7.29.0_react-dom@19.2.4_react@19.2.4__react@19.2.4/node_modules/next/dist/next-devtools/userspace/pages/pages-dev-overlay-setup.js:70
[   69278ms] [LOG] [Fast Refresh] rebuilding @ webpack-internal:///(pages-dir-browser)/./node_modules/.pnpm/next@16.1.6_@babel+core@7.29.0_react-dom@19.2.4_react@19.2.4__react@19.2.4/node_modules/next/dist/next-devtools/shared/forward-logs-shared.js:27
[   69562ms] [LOG] [Fast Refresh] done in 283ms @ webpack-internal:///(pages-dir-browser)/./node_modules/.pnpm/next@16.1.6_@babel+core@7.29.0_react-dom@19.2.4_react@19.2.4__react@19.2.4/node_modules/next/dist/next-devtools/shared/forward-logs-shared.js:27
[   69785ms] [WARNING] Detected `scroll-behavior: smooth` on the `<html>` element. To disable smooth scrolling during route transitions, add `data-scroll-behavior="smooth"` to your <html> element. Learn more: https://nextjs.org/docs/messages/missing-data-scroll-behavior @ webpack-internal:///(pages-dir-browser)/./node_modules/.pnpm/next@16.1.6_@babel+core@7.29.0_react-dom@19.2.4_react@19.2.4__react@19.2.4/node_modules/next/dist/next-devtools/shared/forward-logs-shared.js:27
[   70029ms] [ERROR] Warning: [antd: Form.Item] `defaultValue` will not work on controlled Field. You should use `initialValues` of Form instead. @ webpack-internal:///(pages-dir-browser)/./node_modules/.pnpm/next@16.1.6_@babel+core@7.29.0_react-dom@19.2.4_react@19.2.4__react@19.2.4/node_modules/next/dist/next-devtools/userspace/pages/pages-dev-overlay-setup.js:70
[   87075ms] [ERROR] Failed to load resource: the server responded with a status of 404 (Not Found) @ http://localhost:3000/api/ledger/exportCustomer?id=104&type=company&fileType=pdf&startDate=2026-09-01&endDate=2026-09-30:0
