[      11ms] [LOG] [Fast Refresh] rebuilding @ webpack-internal:///(pages-dir-browser)/./node_modules/.pnpm/next@16.1.6_@babel+core@7.29.0_react-dom@19.2.4_react@19.2.4__react@19.2.4/node_modules/next/dist/next-devtools/shared/forward-logs-shared.js:27
[    1081ms] [LOG] [Fast Refresh] done in 1071ms @ webpack-internal:///(pages-dir-browser)/./node_modules/.pnpm/next@16.1.6_@babel+core@7.29.0_react-dom@19.2.4_react@19.2.4__react@19.2.4/node_modules/next/dist/next-devtools/shared/forward-logs-shared.js:27
[    2220ms] [INFO] %cDownload the React DevTools for a better development experience: https://react.dev/link/react-devtools font-weight:bold @ webpack-internal:///(pages-dir-browser)/./node_modules/.pnpm/react-dom@19.2.4_react@19.2.4/node_modules/react-dom/cjs/react-dom-client.development.js:28004
[    2226ms] [LOG] [HMR] connected @ webpack-internal:///(pages-dir-browser)/./node_modules/.pnpm/next@16.1.6_@babel+core@7.29.0_react-dom@19.2.4_react@19.2.4__react@19.2.4/node_modules/next/dist/next-devtools/shared/forward-logs-shared.js:27
[    2226ms] [WARNING] [HMR] Invalid message: {"type":"isrManifest","data":{"/reports":true,"/ledger/[id]":true}}
TypeError: Cannot read properties of undefined (reading 'components')
    at handleStaticIndicator (webpack-internal:///(pages-dir-browser)/./node_modules/.pnpm/next@16.1.6_@babel+core@7.29.0_react-dom@19.2.4_react@19.2.4__react@19.2.4/node_modules/next/dist/client/dev/hot-reloader/pages/hot-reloader-pages.js:177:46)
    at processMessage (webpack-internal:///(pages-dir-browser)/./node_modules/.pnpm/next@16.1.6_@babel+core@7.29.0_react-dom@19.2.4_react@19.2.4__react@19.2.4/node_modules/next/dist/client/dev/hot-reloader/pages/hot-reloader-pages.js:191:17)
    at eval (webpack-internal:///(pages-dir-browser)/./node_modules/.pnpm/next@16.1.6_@babel+core@7.29.0_react-dom@19.2.4_react@19.2.4__react@19.2.4/node_modules/next/dist/client/dev/hot-reloader/pages/hot-reloader-pages.js:69:13)
    at WebSocket.handleMessage (webpack-internal:///(pages-dir-browser)/./node_modules/.pnpm/next@16.1.6_@babel+core@7.29.0_react-dom@19.2.4_react@19.2.4__react@19.2.4/node_modules/next/dist/client/dev/hot-reloader/pages/websocket.js:68:17) @ webpack-internal:///(pages-dir-browser)/./node_modules/.pnpm/next@16.1.6_@babel+core@7.29.0_react-dom@19.2.4_react@19.2.4__react@19.2.4/node_modules/next/dist/next-devtools/shared/forward-logs-shared.js:27
[    2557ms] [ERROR] Warning: [antd: Menu] `children` is deprecated. Please use `items` instead. @ webpack-internal:///(pages-dir-browser)/./node_modules/.pnpm/next@16.1.6_@babel+core@7.29.0_react-dom@19.2.4_react@19.2.4__react@19.2.4/node_modules/next/dist/next-devtools/userspace/pages/pages-dev-overlay-setup.js:70
[    2584ms] [ERROR] Warning: [antd: Drawer] `width` is deprecated. Please use `size` instead. @ webpack-internal:///(pages-dir-browser)/./node_modules/.pnpm/next@16.1.6_@babel+core@7.29.0_react-dom@19.2.4_react@19.2.4__react@19.2.4/node_modules/next/dist/next-devtools/userspace/pages/pages-dev-overlay-setup.js:70
[    2588ms] [ERROR] Warning: [antd: Tabs] `Tabs.TabPane` is deprecated. Please use `items` instead. @ webpack-internal:///(pages-dir-browser)/./node_modules/.pnpm/next@16.1.6_@babel+core@7.29.0_react-dom@19.2.4_react@19.2.4__react@19.2.4/node_modules/next/dist/next-devtools/userspace/pages/pages-dev-overlay-setup.js:70
[    2597ms] [ERROR] Warning: [antd: Card] `bordered` is deprecated. Please use `variant` instead. @ webpack-internal:///(pages-dir-browser)/./node_modules/.pnpm/next@16.1.6_@babel+core@7.29.0_react-dom@19.2.4_react@19.2.4__react@19.2.4/node_modules/next/dist/next-devtools/userspace/pages/pages-dev-overlay-setup.js:70
[    2626ms] [ERROR] Warning: [antd: Table] `index` parameter of `rowKey` function is deprecated. There is no guarantee that it will work as expected. @ webpack-internal:///(pages-dir-browser)/./node_modules/.pnpm/next@16.1.6_@babel+core@7.29.0_react-dom@19.2.4_react@19.2.4__react@19.2.4/node_modules/next/dist/next-devtools/userspace/pages/pages-dev-overlay-setup.js:70
[    2661ms] [ERROR] %o

%s

%s
 ReferenceError: tableFooterKeys is not defined
    at footer (webpack-internal:///(pages-dir-browser)/./components/salesReport.js:676:35)
    at Table (webpack-internal:///(pages-dir-browser)/./node_modules/.pnpm/@rc-component+table@1.9.1_react-dom@19.2.4_react@19.2.4__react@19.2.4/node_modules/@rc-component/table/es/Table.js:644:6)
    at Object.react_stack_bottom_frame (webpack-internal:///(pages-dir-browser)/./node_modules/.pnpm/react-dom@19.2.4_react@19.2.4/node_modules/react-dom/cjs/react-dom-client.development.js:25905:20)
    at renderWithHooks (webpack-internal:///(pages-dir-browser)/./node_modules/.pnpm/react-dom@19.2.4_react@19.2.4/node_modules/react-dom/cjs/react-dom-client.development.js:7663:22)
    at updateForwardRef (webpack-internal:///(pages-dir-browser)/./node_modules/.pnpm/react-dom@19.2.4_react@19.2.4/node_modules/react-dom/cjs/react-dom-client.development.js:9725:19)
    at beginWork (webpack-internal:///(pages-dir-browser)/./node_modules/.pnpm/react-dom@19.2.4_react@19.2.4/node_modules/react-dom/cjs/react-dom-client.development.js:12118:18)
    at runWithFiberInDEV (webpack-internal:///(pages-dir-browser)/./node_modules/.pnpm/react-dom@19.2.4_react@19.2.4/node_modules/react-dom/cjs/react-dom-client.development.js:872:30)
    at performUnitOfWork (webpack-internal:///(pages-dir-browser)/./node_modules/.pnpm/react-dom@19.2.4_react@19.2.4/node_modules/react-dom/cjs/react-dom-client.development.js:17642:22)
    at workLoopSync (webpack-internal:///(pages-dir-browser)/./node_modules/.pnpm/react-dom@19.2.4_react@19.2.4/node_modules/react-dom/cjs/react-dom-client.development.js:17470:41)
    at renderRootSync (webpack-internal:///(pages-dir-browser)/./node_modules/.pnpm/react-dom@19.2.4_react@19.2.4/node_modules/react-dom/cjs/react-dom-client.development.js:17451:11)
    at performWorkOnRoot (webpack-internal:///(pages-dir-browser)/./node_modules/.pnpm/react-dom@19.2.4_react@19.2.4/node_modules/react-dom/cjs/react-dom-client.development.js:16584:35)
    at performWorkOnRootViaSchedulerTask (webpack-internal:///(pages-dir-browser)/./node_modules/.pnpm/react-dom@19.2.4_react@19.2.4/node_modules/react-dom/cjs/react-dom-client.development.js:18958:7)
    at MessagePort.performWorkUntilDeadline (webpack-internal:///(pages-dir-browser)/./node_modules/.pnpm/scheduler@0.27.0/node_modules/scheduler/cjs/scheduler.development.js:45:48) The above error occurred in the <Table> component. React will try to recreate this component tree from scratch using the error boundary you provided, PagesDevOverlayErrorBoundary. @ webpack-internal:///(pages-dir-browser)/./node_modules/.pnpm/next@16.1.6_@babel+core@7.29.0_react-dom@19.2.4_react@19.2.4__react@19.2.4/node_modules/next/dist/next-devtools/userspace/pages/pages-dev-overlay-setup.js:70
[   63992ms] [LOG] [Fast Refresh] rebuilding @ webpack-internal:///(pages-dir-browser)/./node_modules/.pnpm/next@16.1.6_@babel+core@7.29.0_react-dom@19.2.4_react@19.2.4__react@19.2.4/node_modules/next/dist/next-devtools/shared/forward-logs-shared.js:27
[   64150ms] [LOG] [Fast Refresh] done in 159ms @ webpack-internal:///(pages-dir-browser)/./node_modules/.pnpm/next@16.1.6_@babel+core@7.29.0_react-dom@19.2.4_react@19.2.4__react@19.2.4/node_modules/next/dist/next-devtools/shared/forward-logs-shared.js:27
[   71463ms] [LOG] [Fast Refresh] rebuilding @ webpack-internal:///(pages-dir-browser)/./node_modules/.pnpm/next@16.1.6_@babel+core@7.29.0_react-dom@19.2.4_react@19.2.4__react@19.2.4/node_modules/next/dist/next-devtools/shared/forward-logs-shared.js:27
[   71602ms] [LOG] [Fast Refresh] done in 138ms @ webpack-internal:///(pages-dir-browser)/./node_modules/.pnpm/next@16.1.6_@babel+core@7.29.0_react-dom@19.2.4_react@19.2.4__react@19.2.4/node_modules/next/dist/next-devtools/shared/forward-logs-shared.js:27
